zireael@zireaelcomputer:~$ ls | grep -E '^examples.desktop[a-z]{,2}$'
examples.desktop

zireael@zireaelcomputer:/etc$ wc -l passwd
41 passwd

zireael@zireaelcomp:~$ free -h | grep -E 'Mem|Swap' | awk '{print $1 $2}'
Mem:2.9Gi
Swap:711Mi


zireael@zireaelcomputer:/$ cat /proc/cpuinfo | grep processor | wc -l
1

zireael@zireaelcomputer:/$ find /home/zireael/pictures -name *.jpg | wc -l
find: ‘/home/zireael/pictures’: No such file or directory
0



